// Jest Snapshot v1, https://goo.gl/fbAQLP

exports[`CreateMovie should match snapshot 1`] = `
<div>
  <style
    data-mantine-styles="classes"
  >
    @media (max-width: 35.99375em) {.mantine-visible-from-xs {display: none !important;}}@media (min-width: 36em) {.mantine-hidden-from-xs {display: none !important;}}@media (max-width: 47.99375em) {.mantine-visible-from-sm {display: none !important;}}@media (min-width: 48em) {.mantine-hidden-from-sm {display: none !important;}}@media (max-width: 61.99375em) {.mantine-visible-from-md {display: none !important;}}@media (min-width: 62em) {.mantine-hidden-from-md {display: none !important;}}@media (max-width: 74.99375em) {.mantine-visible-from-lg {display: none !important;}}@media (min-width: 75em) {.mantine-hidden-from-lg {display: none !important;}}@media (max-width: 87.99375em) {.mantine-visible-from-xl {display: none !important;}}@media (min-width: 88em) {.mantine-hidden-from-xl {display: none !important;}}
  </style>
  <div
    data-testid="mock-mantine-container"
  >
    <div
      data-testid="mock-header"
    >
      Header
    </div>
    <div>
      <form>
        <style
          data-mantine-styles="inline"
        >
          .__m__-«r0»{padding-top:var(--mantine-spacing-md);padding-bottom:var(--mantine-spacing-md);padding-left:0rem;padding-right:0rem;}@media(min-width: 48em){.__m__-«r0»{padding-top:calc(6.25rem * var(--mantine-scale));padding-bottom:calc(5rem * var(--mantine-scale));padding-left:calc(18.75rem * var(--mantine-scale));padding-right:calc(18.75rem * var(--mantine-scale));}}
        </style>
        <div
          class="__m__-«r0»"
        >
          <div
            class="m_1b7284a3 mantine-Paper-root"
            style="--paper-shadow: var(--mantine-shadow-xs);"
          >
            <style
              data-mantine-styles="inline"
            >
              .__m__-«r2»{--grid-gutter:var(--mantine-spacing-md);}
            </style>
            <div
              class="m_410352e9 mantine-Grid-root __m__-«r2»"
              style="--grid-justify: center;"
            >
              <div
                class="m_dee7bd2f mantine-Grid-inner"
              >
                <style
                  data-mantine-styles="inline"
                >
                  .__m__-«r4»{--col-flex-grow:auto;--col-flex-basis:100%;--col-max-width:100%;}@media(min-width: 62em){.__m__-«r4»{--col-flex-grow:auto;--col-flex-basis:50%;--col-max-width:50%;}}@media(min-width: 75em){.__m__-«r4»{--col-flex-grow:auto;--col-flex-basis:100%;--col-max-width:100%;}}
                </style>
                <div
                  class="m_96bdd299 mantine-Grid-col __m__-«r4»"
                >
                  <div
                    class="m_46b77525 mantine-InputWrapper-root mantine-TextInput-root"
                  >
                    <label
                      class="m_8fdc1311 mantine-InputWrapper-label mantine-TextInput-label"
                      for="mantine-is6vfgval"
                      id="mantine-is6vfgval-label"
                    >
                      Título *
                    </label>
                    <div
                      class="m_6c018570 mantine-Input-wrapper mantine-TextInput-wrapper"
                      data-variant="default"
                    >
                      <input
                        aria-invalid="false"
                        class="m_8fb7ebe7 mantine-Input-input mantine-TextInput-input"
                        data-variant="default"
                        id="mantine-is6vfgval"
                        name="title"
                      />
                    </div>
                  </div>
                  <div
                    class="m_46b77525 mantine-InputWrapper-root mantine-YearPickerInput-root"
                  >
                    <label
                      class="m_8fdc1311 mantine-InputWrapper-label mantine-YearPickerInput-label"
                      for="mantine-cl3r04ha0"
                      id="mantine-cl3r04ha0-label"
                    >
                      Ano de Lançamento *
                    </label>
                    <div
                      class="m_6c018570 mantine-Input-wrapper mantine-YearPickerInput-wrapper"
                      data-multiline="true"
                      data-variant="default"
                    >
                      <button
                        aria-controls="mantine-obskp9uge-dropdown"
                        aria-expanded="false"
                        aria-haspopup="dialog"
                        aria-invalid="false"
                        class="m_6fa5e2aa m_8fb7ebe7 mantine-Input-input mantine-YearPickerInput-input"
                        data-dates-input="true"
                        data-variant="default"
                        id="mantine-cl3r04ha0"
                        type="button"
                      >
                        2025
                      </button>
                    </div>
                  </div>
                  <input
                    type="hidden"
                    value="2025-01-01"
                  />
                  <div
                    class="m_46b77525 mantine-InputWrapper-root mantine-Select-root"
                  >
                    <label
                      class="m_8fdc1311 mantine-InputWrapper-label mantine-Select-label"
                      for="mantine-wzfgu5uui"
                      id="mantine-wzfgu5uui-label"
                    >
                      Gênero *
                    </label>
                    <div
                      class="m_6c018570 mantine-Input-wrapper mantine-Select-wrapper"
                      data-pointer="true"
                      data-variant="default"
                      data-with-right-section="true"
                      style="--input-right-section-pointer-events: none;"
                    >
                      <input
                        aria-haspopup="listbox"
                        aria-invalid="false"
                        autocomplete="off"
                        class="m_8fb7ebe7 mantine-Input-input mantine-Select-input"
                        data-variant="default"
                        id="mantine-wzfgu5uui"
                        placeholder="Selecione um gênero"
                        readonly=""
                        value=""
                      />
                      <div
                        class="m_82577fc2 mantine-Input-section mantine-Select-section"
                        data-position="right"
                      >
                        <svg
                          class="m_2943220b mantine-ComboboxChevron-chevron"
                          data-combobox-chevron="true"
                          fill="none"
                          viewBox="0 0 15 15"
                          xmlns="http://www.w3.org/2000/svg"
                        >
                          <path
                            clip-rule="evenodd"
                            d="M4.93179 5.43179C4.75605 5.60753 4.75605 5.89245 4.93179 6.06819C5.10753 6.24392 5.39245 6.24392 5.56819 6.06819L7.49999 4.13638L9.43179 6.06819C9.60753 6.24392 9.89245 6.24392 10.0682 6.06819C10.2439 5.89245 10.2439 5.60753 10.0682 5.43179L7.81819 3.18179C7.73379 3.0974 7.61933 3.04999 7.49999 3.04999C7.38064 3.04999 7.26618 3.0974 7.18179 3.18179L4.93179 5.43179ZM10.0682 9.56819C10.2439 9.39245 10.2439 9.10753 10.0682 8.93179C9.89245 8.75606 9.60753 8.75606 9.43179 8.93179L7.49999 10.8636L5.56819 8.93179C5.39245 8.75606 5.10753 8.75606 4.93179 8.93179C4.75605 9.10753 4.75605 9.39245 4.93179 9.56819L7.18179 11.8182C7.35753 11.9939 7.64245 11.9939 7.81819 11.8182L10.0682 9.56819Z"
                            fill="currentColor"
                            fill-rule="evenodd"
                          />
                        </svg>
                      </div>
                    </div>
                  </div>
                  <input
                    type="hidden"
                    value=""
                  />
                  <div
                    class="m_46b77525 mantine-InputWrapper-root mantine-Textarea-root"
                  >
                    <label
                      class="m_8fdc1311 mantine-InputWrapper-label mantine-Textarea-label"
                      for="mantine-zcfh9wbs9"
                      id="mantine-zcfh9wbs9-label"
                    >
                      Sinopse *
                    </label>
                    <div
                      class="m_6c018570 mantine-Input-wrapper mantine-Textarea-wrapper"
                      data-multiline="true"
                      data-variant="default"
                    >
                      <textarea
                        aria-invalid="false"
                        class="m_8fb7ebe7 mantine-Input-input mantine-Textarea-input"
                        data-variant="default"
                        id="mantine-zcfh9wbs9"
                        name="synopsis"
                        rows="5"
                      />
                    </div>
                  </div>
                  <div
                    class="m_46b77525 mantine-InputWrapper-root mantine-TextInput-root"
                  >
                    <label
                      class="m_8fdc1311 mantine-InputWrapper-label mantine-TextInput-label"
                      for="mantine-zabm1t8i5"
                      id="mantine-zabm1t8i5-label"
                    >
                      URL do Poster
                    </label>
                    <div
                      class="m_6c018570 mantine-Input-wrapper mantine-TextInput-wrapper"
                      data-variant="default"
                    >
                      <input
                        aria-invalid="false"
                        class="m_8fb7ebe7 mantine-Input-input mantine-TextInput-input"
                        data-variant="default"
                        id="mantine-zabm1t8i5"
                        name="poster_url"
                        placeholder="https://exemplo.com/poster.jpg"
                        type="url"
                      />
                    </div>
                  </div>
                </div>
              </div>
            </div>
          </div>
        </div>
      </form>
    </div>
  </div>
</div>
`;
